// Jest Snapshot v1, https://goo.gl/fbAQLP

exports[`<Footer /> renders the <Footer /> with populated data 1`] = `
<div
  class="sc-TBWPX kEhYKO"
>
  <p
    class="sc-hmjpVf SddBF"
  >
    Questions? Contact us.
  </p>
  <p
    class="sc-bTfYFJ kBqcRD"
  />
  <div
    class="sc-ZOtfp hSQZNt"
  >
    <div
      class="sc-jIkXHa duWZJB"
    >
      <a
        class="sc-jOxtWs einbfk"
        href="#"
      >
        FAQ
      </a>
      <a
        class="sc-jOxtWs einbfk"
        href="#"
      >
        Investor Relations
      </a>
      <a
        class="sc-jOxtWs einbfk"
        href="#"
      >
        Ways to Watch
      </a>
      <a
        class="sc-jOxtWs einbfk"
        href="#"
      >
        Corporate Information
      </a>
      <a
        class="sc-jOxtWs einbfk"
        href="#"
      >
        Webflix Originals
      </a>
    </div>
    <div
      class="sc-jIkXHa duWZJB"
    >
      <a
        class="sc-jOxtWs einbfk"
        href="#"
      >
        Help Center
      </a>
      <a
        class="sc-jOxtWs einbfk"
        href="#"
      >
        Jobs
      </a>
      <a
        class="sc-jOxtWs einbfk"
        href="#"
      >
        Terms of Use
      </a>
      <a
        class="sc-jOxtWs einbfk"
        href="#"
      >
        Contact Us
      </a>
    </div>
    <div
      class="sc-jIkXHa duWZJB"
    >
      <a
        class="sc-jOxtWs einbfk"
        href="#"
      >
        Account
      </a>
      <a
        class="sc-jOxtWs einbfk"
        href="#"
      >
        Redeem Gift Cards
      </a>
      <a
        class="sc-jOxtWs einbfk"
        href="#"
      >
        Privacy
      </a>
      <a
        class="sc-jOxtWs einbfk"
        href="#"
      >
        Speed Test
      </a>
    </div>
    <div
      class="sc-jIkXHa duWZJB"
    >
      <a
        class="sc-jOxtWs einbfk"
        href="#"
      >
        Media Center
      </a>
      <a
        class="sc-jOxtWs einbfk"
        href="#"
      >
        Buy
      </a>
      <a
        class="sc-jOxtWs einbfk"
        href="#"
      >
        Cookie Preferences
      </a>
      <a
        class="sc-jOxtWs einbfk"
        href="#"
      >
        Legal Notices
      </a>
    </div>
  </div>
  <p
    class="sc-bTfYFJ kBqcRD"
  />
  <p
    class="sc-eLwHnm LKtAC"
  >
    Webflix USA
  </p>
</div>
`;
