// Jest Snapshot v1, https://goo.gl/fbAQLP

exports[`<OptForm /> renders the <OptForm /> with data 1`] = `
<div
  class="sc-llYSUQ ihoAaC"
>
  <input
    class="sc-iJKOTD kugFa"
    placeholder="Email address"
  />
  <button
    class="sc-ezbkAF hNcakk"
  >
    Try it now
     
    <img
      alt="Try Now"
      src="/images/icons/chevron-right.png"
    />
  </button>
  <div
    class="sc-giYglK eCxQyR"
  />
  <p
    class="sc-bYoBSM dXPKRX"
  >
    Ready to watch? Enter your email to create or restart your membership.
  </p>
</div>
`;
