// Jest Snapshot v1, https://goo.gl/fbAQLP

exports[`<Player /> renders the player with a dummy video 1`] = `
<div
  class="sc-kHOZwM fIHJWb"
>
  <button
    class="sc-jUosCB ZUtiv"
  >
    Play
  </button>
</div>
`;
